mode: atomic
calculator/internal/calculator/calculator.go:18.32,20.2 1 0
calculator/internal/calculator/calculator.go:25.51,26.41 1 26
calculator/internal/calculator/calculator.go:26.41,28.3 1 1
calculator/internal/calculator/calculator.go:29.2,31.16 3 25
calculator/internal/calculator/calculator.go:31.16,33.3 1 8
calculator/internal/calculator/calculator.go:34.2,35.16 2 17
calculator/internal/calculator/calculator.go:35.16,37.3 1 0
calculator/internal/calculator/calculator.go:38.2,38.49 1 17
calculator/internal/calculator/calculator.go:38.49,40.3 1 2
calculator/internal/calculator/calculator.go:41.2,41.20 1 15
calculator/internal/calculator/calculator.go:49.53,51.16 2 35
calculator/internal/calculator/calculator.go:51.16,53.3 1 7
calculator/internal/calculator/calculator.go:54.2,54.6 1 28
calculator/internal/calculator/calculator.go:54.6,57.29 3 36
calculator/internal/calculator/calculator.go:57.29,59.4 1 27
calculator/internal/calculator/calculator.go:60.3,62.17 3 9
calculator/internal/calculator/calculator.go:62.17,64.4 1 1
calculator/internal/calculator/calculator.go:65.3,65.16 1 8
calculator/internal/calculator/calculator.go:65.16,67.4 1 7
calculator/internal/calculator/calculator.go:67.9,69.4 1 1
calculator/internal/calculator/calculator.go:73.47,75.16 2 44
calculator/internal/calculator/calculator.go:75.16,77.3 1 6
calculator/internal/calculator/calculator.go:78.2,78.6 1 38
calculator/internal/calculator/calculator.go:78.6,81.29 3 42
calculator/internal/calculator/calculator.go:81.29,83.4 1 36
calculator/internal/calculator/calculator.go:84.3,87.17 4 6
calculator/internal/calculator/calculator.go:87.17,89.4 1 0
calculator/internal/calculator/calculator.go:90.3,90.16 1 6
calculator/internal/calculator/calculator.go:90.16,91.18 1 2
calculator/internal/calculator/calculator.go:91.18,93.5 1 2
calculator/internal/calculator/calculator.go:94.4,94.17 1 0
calculator/internal/calculator/calculator.go:95.9,97.4 1 4
calculator/internal/calculator/calculator.go:101.48,103.20 2 66
calculator/internal/calculator/calculator.go:103.20,105.3 1 1
calculator/internal/calculator/calculator.go:106.2,106.20 1 65
calculator/internal/calculator/calculator.go:106.20,109.3 2 6
calculator/internal/calculator/calculator.go:110.2,110.23 1 59
calculator/internal/calculator/calculator.go:114.48,116.16 2 59
calculator/internal/calculator/calculator.go:116.16,118.3 1 6
calculator/internal/calculator/calculator.go:119.2,120.21 2 53
calculator/internal/calculator/calculator.go:120.21,122.3 1 44
calculator/internal/calculator/calculator.go:123.2,124.16 2 9
calculator/internal/calculator/calculator.go:124.16,126.3 1 0
calculator/internal/calculator/calculator.go:127.2,127.35 1 9
calculator/internal/calculator/calculator.go:130.50,132.16 2 59
calculator/internal/calculator/calculator.go:132.16,134.3 1 6
calculator/internal/calculator/calculator.go:135.2,135.6 1 53
calculator/internal/calculator/calculator.go:135.6,137.22 2 54
calculator/internal/calculator/calculator.go:137.22,139.4 1 53
calculator/internal/calculator/calculator.go:140.3,140.15 1 1
calculator/internal/calculator/calculator.go:144.50,147.20 3 59
calculator/internal/calculator/calculator.go:147.20,149.17 2 7
calculator/internal/calculator/calculator.go:149.17,151.4 1 0
calculator/internal/calculator/calculator.go:152.3,153.22 2 7
calculator/internal/calculator/calculator.go:153.22,155.4 1 1
calculator/internal/calculator/calculator.go:156.3,156.20 1 6
calculator/internal/calculator/calculator.go:158.2,158.23 1 52
calculator/internal/calculator/calculator.go:158.23,161.22 3 3
calculator/internal/calculator/calculator.go:161.22,163.4 1 0
calculator/internal/calculator/calculator.go:164.3,165.17 2 3
calculator/internal/calculator/calculator.go:165.17,167.4 1 0
calculator/internal/calculator/calculator.go:168.3,169.22 2 3
calculator/internal/calculator/calculator.go:169.22,171.4 1 0
calculator/internal/calculator/calculator.go:172.3,172.16 1 3
calculator/internal/calculator/calculator.go:172.16,174.4 1 1
calculator/internal/calculator/calculator.go:175.3,175.31 1 2
calculator/internal/calculator/calculator.go:177.2,177.24 1 49
calculator/internal/calculator/calculator.go:180.49,184.17 4 49
calculator/internal/calculator/calculator.go:184.17,186.15 2 88
calculator/internal/calculator/calculator.go:186.15,189.12 3 4
calculator/internal/calculator/calculator.go:191.3,191.25 1 84
calculator/internal/calculator/calculator.go:191.25,192.9 1 28
calculator/internal/calculator/calculator.go:194.3,194.10 1 56
calculator/internal/calculator/calculator.go:196.2,196.32 1 49
calculator/internal/calculator/calculator.go:196.32,197.16 1 3
calculator/internal/calculator/calculator.go:197.16,199.4 1 2
calculator/internal/calculator/calculator.go:200.3,200.64 1 1
calculator/internal/calculator/calculator.go:202.2,203.16 2 46
calculator/internal/calculator/calculator.go:203.16,205.3 1 1
calculator/internal/calculator/calculator.go:206.2,206.19 1 45
calculator/internal/calculator/calculator.go:209.31,210.46 1 389
calculator/internal/calculator/calculator.go:210.46,212.3 1 48
calculator/internal/calculator/calculator.go:214.31,214.63 1 1382
calculator/internal/calculator/calculator.go:215.30,216.15 1 816
calculator/internal/calculator/calculator.go:216.15,218.3 1 80
calculator/internal/calculator/calculator.go:219.2,219.23 1 736
calculator/internal/calculator/calculator.go:221.42,222.22 1 310
calculator/internal/calculator/calculator.go:222.22,224.3 1 274
calculator/internal/calculator/calculator.go:225.2,226.13 2 36
calculator/internal/calculator/calculator.go:228.44,228.103 1 52
calculator/internal/calculator/calculator.go:229.59,231.2 1 4
calculator/internal/api/handler.go:34.32,39.2 4 9
calculator/internal/api/handler.go:46.50,49.2 2 9
calculator/internal/api/handler.go:51.57,52.71 1 9
calculator/internal/api/handler.go:52.71,59.3 6 9
calculator/internal/api/handler.go:62.28,64.50 2 9
calculator/internal/api/handler.go:64.50,66.3 1 0
calculator/internal/api/handler.go:67.2,67.40 1 9
calculator/internal/api/handler.go:70.53,72.2 1 0
calculator/internal/api/handler.go:74.56,79.49 5 7
calculator/internal/api/handler.go:79.49,82.3 2 2
calculator/internal/api/handler.go:83.2,83.55 1 5
calculator/internal/api/handler.go:83.55,86.3 2 1
calculator/internal/api/handler.go:87.2,87.59 1 4
calculator/internal/api/handler.go:87.59,90.3 2 1
calculator/internal/api/handler.go:91.2,92.16 2 3
calculator/internal/api/handler.go:92.16,94.39 2 2
calculator/internal/api/handler.go:94.39,97.4 2 2
calculator/internal/api/handler.go:98.3,99.9 2 0
calculator/internal/api/handler.go:101.2,101.96 1 1
calculator/internal/api/handler.go:104.47,105.71 1 9
calculator/internal/api/handler.go:105.71,107.77 2 9
calculator/internal/api/handler.go:107.77,109.4 1 1
calculator/internal/api/handler.go:110.3,112.37 3 9
calculator/internal/api/handler.go:112.37,115.4 2 2
calculator/internal/api/handler.go:116.3,116.23 1 7
calculator/internal/api/handler.go:120.62,124.2 3 7
calculator/cmd/server/main.go:16.13,17.30 1 0
calculator/cmd/server/main.go:17.30,19.3 1 0
calculator/cmd/server/main.go:22.18,24.16 2 0
calculator/cmd/server/main.go:24.16,26.3 1 0
calculator/cmd/server/main.go:28.2,41.12 5 0
calculator/cmd/server/main.go:41.12,43.3 1 0
calculator/cmd/server/main.go:45.2,46.9 2 0
calculator/cmd/server/main.go:47.28,48.44 1 0
calculator/cmd/server/main.go:48.44,50.4 1 0
calculator/cmd/server/main.go:51.3,51.13 1 0
calculator/cmd/server/main.go:52.20,53.44 1 0
calculator/cmd/server/main.go:56.2,58.37 3 0
